0 verbose cli /home/oceaneye/.nvm/versions/node/v20.20.2/bin/node /home/oceaneye/.nvm/versions/node/v20.20.2/bin/npm
1 info using npm@10.8.2
2 info using node@v20.20.2
3 silly config load:file:/home/oceaneye/.nvm/versions/node/v20.20.2/lib/node_modules/npm/npmrc
4 silly config load:file:/mnt/e/repos/WSL/personal/vibecoding_autoworkflow/.npmrc
5 silly config load:file:/home/oceaneye/.npmrc
6 silly config load:file:/home/oceaneye/.nvm/versions/node/v20.20.2/etc/npmrc
7 verbose title npm view aw-installer@0.4.5 version
8 verbose argv "view" "aw-installer@0.4.5" "version" "--json"
9 verbose logfile logs-max:10 dir:/mnt/e/repos/WSL/personal/vibecoding_autoworkflow/.aw/tmp/npm-cache/_logs/2026-05-07T14_04_39_299Z-
10 verbose logfile /mnt/e/repos/WSL/personal/vibecoding_autoworkflow/.aw/tmp/npm-cache/_logs/2026-05-07T14_04_39_299Z-debug-0.log
11 silly logfile done cleaning log files
12 http fetch GET 200 https://registry.npmjs.org/aw-installer 284ms (cache revalidated)
13 verbose stack Error: No match found for version 0.4.5
13 verbose stack     at #getData (/home/oceaneye/.nvm/versions/node/v20.20.2/lib/node_modules/npm/lib/commands/view.js:192:27)
13 verbose stack     at async #viewPackage (/home/oceaneye/.nvm/versions/node/v20.20.2/lib/node_modules/npm/lib/commands/view.js:112:28)
13 verbose stack     at async View.exec (/home/oceaneye/.nvm/versions/node/v20.20.2/lib/node_modules/npm/lib/commands/view.js:70:5)
13 verbose stack     at async Npm.exec (/home/oceaneye/.nvm/versions/node/v20.20.2/lib/node_modules/npm/lib/npm.js:207:9)
13 verbose stack     at async module.exports (/home/oceaneye/.nvm/versions/node/v20.20.2/lib/node_modules/npm/lib/cli/entry.js:74:5)
14 verbose statusCode 404
15 verbose pkgid aw-installer@0.4.5
16 error code E404
17 error 404 No match found for version 0.4.5
18 error 404
19 error 404  'aw-installer@0.4.5' is not in this registry.
20 error 404
21 error 404 Note that you can also install from a
22 error 404 tarball, folder, http url, or git url.
23 verbose cwd /mnt/e/repos/WSL/personal/vibecoding_autoworkflow
24 verbose os Linux 6.6.87.2-microsoft-standard-WSL2
25 verbose node v20.20.2
26 verbose npm  v10.8.2
27 verbose exit 1
28 verbose code 1
29 error A complete log of this run can be found in: /mnt/e/repos/WSL/personal/vibecoding_autoworkflow/.aw/tmp/npm-cache/_logs/2026-05-07T14_04_39_299Z-debug-0.log
