0 verbose cli /home/oceaneye/.nvm/versions/node/v20.20.2/bin/node /home/oceaneye/.nvm/versions/node/v20.20.2/bin/npm
1 info using npm@10.8.2
2 info using node@v20.20.2
3 silly config load:file:/home/oceaneye/.nvm/versions/node/v20.20.2/lib/node_modules/npm/npmrc
4 silly config load:file:/mnt/e/repos/WSL/personal/vibecoding_autoworkflow/.npmrc
5 silly config load:file:/home/oceaneye/.npmrc
6 silly config load:file:/home/oceaneye/.nvm/versions/node/v20.20.2/etc/npmrc
7 verbose title npm publish
8 verbose argv "publish" "--dry-run" "--json" "--tag" "next"
9 verbose logfile logs-max:10 dir:/mnt/e/repos/WSL/personal/vibecoding_autoworkflow/.aw/tmp/npm-cache/_logs/2026-05-07T13_34_10_166Z-
10 verbose logfile /mnt/e/repos/WSL/personal/vibecoding_autoworkflow/.aw/tmp/npm-cache/_logs/2026-05-07T13_34_10_166Z-debug-0.log
11 verbose publish [ '.' ]
12 silly logfile done cleaning log files
13 silly packumentCache heap:4345298944 maxSize:1086324736 maxEntrySize:543162368
14 warn publish npm auto-corrected some errors in your package.json when publishing.  Please run "npm pkg fix" to address these errors.
15 warn publish errors corrected:
15 warn publish "repository.url" was normalized to "git+https://github.com/OceanEyeFF/vibecoding_autoworkflow.git"
16 notice Publishing to https://registry.npmjs.org/ with tag next and public access (dry-run)
17 verbose cwd /mnt/e/repos/WSL/personal/vibecoding_autoworkflow
18 verbose os Linux 6.6.87.2-microsoft-standard-WSL2
19 verbose node v20.20.2
20 verbose npm  v10.8.2
21 verbose exit 0
22 info ok
