0 verbose cli /home/oceaneye/.nvm/versions/node/v20.20.2/bin/node /home/oceaneye/.nvm/versions/node/v20.20.2/bin/npm
0 verbose cli /home/oceaneye/.nvm/versions/node/v20.20.2/bin/node /home/oceaneye/.nvm/versions/node/v20.20.2/bin/npm
0 verbose cli /home/oceaneye/.nvm/versions/node/v20.20.2/bin/node /home/oceaneye/.nvm/versions/node/v20.20.2/bin/npm
1 info using npm@10.8.2
2 info using node@v20.20.2
1 info using npm@10.8.2
1 info using npm@10.8.2
3 silly config load:file:/home/oceaneye/.nvm/versions/node/v20.20.2/lib/node_modules/npm/npmrc
2 info using node@v20.20.2
2 info using node@v20.20.2
4 silly config load:file:/mnt/e/repos/WSL/personal/vibecoding_autoworkflow/.npmrc
3 silly config load:file:/home/oceaneye/.nvm/versions/node/v20.20.2/lib/node_modules/npm/npmrc
3 silly config load:file:/home/oceaneye/.nvm/versions/node/v20.20.2/lib/node_modules/npm/npmrc
5 silly config load:file:/home/oceaneye/.npmrc
4 silly config load:file:/mnt/e/repos/WSL/personal/vibecoding_autoworkflow/.npmrc
4 silly config load:file:/mnt/e/repos/WSL/personal/vibecoding_autoworkflow/.npmrc
6 silly config load:file:/home/oceaneye/.nvm/versions/node/v20.20.2/etc/npmrc
5 silly config load:file:/home/oceaneye/.npmrc
5 silly config load:file:/home/oceaneye/.npmrc
7 verbose title npm view aw-installer@0.4.5 version gitHead dist.tarball
6 silly config load:file:/home/oceaneye/.nvm/versions/node/v20.20.2/etc/npmrc
6 silly config load:file:/home/oceaneye/.nvm/versions/node/v20.20.2/etc/npmrc
8 verbose argv "view" "aw-installer@0.4.5" "version" "gitHead" "dist.tarball" "--json"
7 verbose title npm view aw-installer@latest version gitHead dist.tarball
7 verbose title npm view aw-installer dist-tags
8 verbose argv "view" "aw-installer@latest" "version" "gitHead" "dist.tarball" "--json"
9 verbose logfile logs-max:10 dir:/mnt/e/repos/WSL/personal/vibecoding_autoworkflow/.aw/tmp/npm-cache/_logs/2026-05-07T14_22_28_130Z-
8 verbose argv "view" "aw-installer" "dist-tags" "--json"
9 verbose logfile logs-max:10 dir:/mnt/e/repos/WSL/personal/vibecoding_autoworkflow/.aw/tmp/npm-cache/_logs/2026-05-07T14_22_28_130Z-
9 verbose logfile logs-max:10 dir:/mnt/e/repos/WSL/personal/vibecoding_autoworkflow/.aw/tmp/npm-cache/_logs/2026-05-07T14_22_28_130Z-
10 verbose logfile /mnt/e/repos/WSL/personal/vibecoding_autoworkflow/.aw/tmp/npm-cache/_logs/2026-05-07T14_22_28_130Z-debug-0.log
10 verbose logfile /mnt/e/repos/WSL/personal/vibecoding_autoworkflow/.aw/tmp/npm-cache/_logs/2026-05-07T14_22_28_130Z-debug-0.log
10 verbose logfile /mnt/e/repos/WSL/personal/vibecoding_autoworkflow/.aw/tmp/npm-cache/_logs/2026-05-07T14_22_28_130Z-debug-0.log
11 silly logfile done cleaning log files
11 silly logfile done cleaning log files
11 silly logfile done cleaning log files
12 http fetch GET 200 https://registry.npmjs.org/aw-installer 483ms (cache updated)
12 http fetch GET 200 https://registry.npmjs.org/aw-installer 482ms (cache updated)
12 http fetch GET 200 https://registry.npmjs.org/aw-installer 484ms (cache updated)
13 verbose cwd /mnt/e/repos/WSL/personal/vibecoding_autoworkflow
13 verbose cwd /mnt/e/repos/WSL/personal/vibecoding_autoworkflow
13 verbose cwd /mnt/e/repos/WSL/personal/vibecoding_autoworkflow
14 verbose os Linux 6.6.87.2-microsoft-standard-WSL2
14 verbose os Linux 6.6.87.2-microsoft-standard-WSL2
14 verbose os Linux 6.6.87.2-microsoft-standard-WSL2
15 verbose node v20.20.2
15 verbose node v20.20.2
15 verbose node v20.20.2
16 verbose npm  v10.8.2
16 verbose npm  v10.8.2
16 verbose npm  v10.8.2
17 verbose exit 0
17 verbose exit 0
17 verbose exit 0
18 info ok
18 info ok
18 info ok
